--------------------------------------------------------------------------------
Release 14.7 Trace  (nt64)
Copyright (c) 1995-2013 Xilinx, Inc.  All rights reserved.

C:\Xilinx\14.7\ISE_DS\ISE\bin\nt64\unwrapped\trce.exe -intstyle ise -v 3 -s 4
-n 3 -fastpaths -xml hex.twx hex.ncd -o hex.twr hex.pcf

Design file:              hex.ncd
Physical constraint file: hex.pcf
Device,package,speed:     xc3s200,ft256,-4 (PRODUCTION 1.39 2013-10-13)
Report level:             verbose report

Environment Variable      Effect 
--------------------      ------ 
NONE                      No environment variables were set
--------------------------------------------------------------------------------

INFO:Timing:2698 - No timing constraints found, doing default enumeration.
INFO:Timing:3412 - To improve timing, see the Timing Closure User Guide (UG612).
INFO:Timing:2752 - To get complete path coverage, use the unconstrained paths 
   option. All paths that are not constrained will be reported in the 
   unconstrained paths section(s) of the report.
INFO:Timing:3339 - The clock-to-out numbers in this timing report are based on 
   a 50 Ohm transmission line loading model.  For the details of this model, 
   and for more information on accounting for different loading conditions, 
   please see the device datasheet.
INFO:Timing:3390 - This architecture does not support a default System Jitter 
   value, please add SYSTEM_JITTER constraint to the UCF to modify the Clock 
   Uncertainty calculation.
INFO:Timing:3389 - This architecture does not support 'Discrete Jitter' and 
   'Phase Error' calculations, these terms will be zero in the Clock 
   Uncertainty calculation.  Please make appropriate modification to 
   SYSTEM_JITTER to account for the unsupported Discrete Jitter and Phase 
   Error.



Data Sheet report:
-----------------
All values displayed in nanoseconds (ns)

Pad to Pad
---------------+---------------+---------+
Source Pad     |Destination Pad|  Delay  |
---------------+---------------+---------+
i<0>           |o<0>           |    8.389|
i<0>           |o<1>           |    8.336|
i<0>           |o<2>           |    8.106|
i<0>           |o<3>           |    8.160|
i<0>           |o<4>           |    8.027|
i<0>           |o<5>           |    7.887|
i<0>           |o<6>           |    7.660|
i<1>           |o<0>           |    8.610|
i<1>           |o<1>           |    8.563|
i<1>           |o<2>           |    7.990|
i<1>           |o<3>           |    7.966|
i<1>           |o<4>           |    8.248|
i<1>           |o<5>           |    8.158|
i<1>           |o<6>           |    7.887|
i<2>           |o<0>           |    8.661|
i<2>           |o<1>           |    8.523|
i<2>           |o<2>           |    8.065|
i<2>           |o<3>           |    7.999|
i<2>           |o<4>           |    8.299|
i<2>           |o<5>           |    7.887|
i<2>           |o<6>           |    7.847|
i<3>           |o<0>           |    8.749|
i<3>           |o<1>           |    8.626|
i<3>           |o<2>           |    8.593|
i<3>           |o<3>           |    8.448|
i<3>           |o<4>           |    8.387|
i<3>           |o<5>           |    7.998|
i<3>           |o<6>           |    7.950|
---------------+---------------+---------+


Analysis completed Fri Mar 15 10:41:30 2019 
--------------------------------------------------------------------------------

Trace Settings:
-------------------------
Trace Settings 

Peak Memory Usage: 4489 MB



