EN x7segb_top NULL "D:/PENS/Semester 2/Prak. Rangkaian Logika 2/Lab7C2/x7segb_top.vhd" sub00/vhpl02 1557701094
AR x7segb behavioral "D:/PENS/Semester 2/Prak. Rangkaian Logika 2/Lab7C2/x7segb.vhd" sub00/vhpl01 1557700544
EN x7segb NULL "D:/PENS/Semester 2/Prak. Rangkaian Logika 2/Lab7C2/x7segb.vhd" sub00/vhpl00 1557700543
AR x7segb_top behavioral "D:/PENS/Semester 2/Prak. Rangkaian Logika 2/Lab7C2/x7segb_top.vhd" sub00/vhpl03 1557700546
