V3 3
FL "D:/Semester 2/Prak. Rangkaian Logika 2/binertobcd/biner2bcd.vhd" 2019/04/05.10:33:30 P.20131013
EN work/biner2bcd 1554436586 \
      FL "D:/Semester 2/Prak. Rangkaian Logika 2/binertobcd/biner2bcd.vhd" \
      PB ieee/std_logic_1164 1381692176 PB ieee/STD_LOGIC_UNSIGNED 1381692179
AR work/biner2bcd/Behavioral 1554436587 \
      FL "D:/Semester 2/Prak. Rangkaian Logika 2/binertobcd/biner2bcd.vhd" \
      EN work/biner2bcd 1554436586
