V3 3
FL "D:/PENS/Semester 2/Prak. Rangkaian Logika 2/LAB7B/mux7seg_top.vhd" 2019/05/13.01:51:09 P.20131013
EN work/mux7seg_top 1557701661 \
      FL "D:/PENS/Semester 2/Prak. Rangkaian Logika 2/LAB7B/mux7seg_top.vhd" \
      PB ieee/std_logic_1164 1381692176
AR work/mux7seg_top/Behavioral 1557701662 \
      FL "D:/PENS/Semester 2/Prak. Rangkaian Logika 2/LAB7B/mux7seg_top.vhd" \
      EN work/mux7seg_top 1557701661
